AR comp_16 behavioral C:/Users/alumno/Desktop/nostraCeltini/Celt2018/comp_16.vhd sub00/vhpl19 1544033507
AR main a_main C:/Users/alumno/Desktop/nostraCeltini/Celt2018/main.vhd sub00/vhpl03 1544033519
EN visualizacion NULL C:/Users/alumno/Desktop/nostraCeltini/Celt2018/visualizacion.vhd sub00/vhpl24 1544033512
EN rdesp_disp NULL C:/Users/alumno/Desktop/nostraCeltini/Celt2018/rdesp_disp.vhd sub00/vhpl10 1544033498
AR decodmorsea7s a_decodmorsea7s C:/Users/alumno/Desktop/nostraCeltini/Celt2018/decodmorsea7s.vhd sub00/vhpl05 1544033493
AR mux4x8 a_mux4x8 C:/Users/alumno/Desktop/nostraCeltini/Celt2018/MUX4x8.vhd sub00/vhpl07 1544033495
EN gen_senal NULL C:/Users/alumno/Desktop/nostraCeltini/Celt2018/GEN_SENAL.vhd sub00/vhpl00 1544033514
EN detector_flanco NULL C:/Users/alumno/Desktop/nostraCeltini/Celt2018/detector_flanco.vhd sub00/vhpl14 1544033502
AR refresco a_refresco C:/Users/alumno/Desktop/nostraCeltini/Celt2018/refresco.vhd sub00/vhpl09 1544033497
EN aut_duracion NULL C:/Users/alumno/Desktop/nostraCeltini/Celt2018/aut_duracion.vhd sub00/vhpl16 1544033504
AR gen_senal behavioral C:/Users/alumno/Desktop/nostraCeltini/Celt2018/GEN_SENAL.vhd sub00/vhpl01 1544033515
EN receptor NULL C:/Users/alumno/Desktop/nostraCeltini/Celt2018/receptor.vhd sub00/vhpl26 1544033516
AR visualizacion a_visualizacion C:/Users/alumno/Desktop/nostraCeltini/Celt2018/visualizacion.vhd sub00/vhpl25 1544033513
EN refresco NULL C:/Users/alumno/Desktop/nostraCeltini/Celt2018/refresco.vhd sub00/vhpl08 1544033496
EN comp_16_1 NULL C:/Users/alumno/Desktop/nostraCeltini/Celt2018/comp_16_1.vhd sub00/vhpl20 1544033508
EN main NULL C:/Users/alumno/Desktop/nostraCeltini/Celt2018/main.vhd sub00/vhpl02 1544033518
AR div_reloj a_div_reloj C:/Users/alumno/Desktop/nostraCeltini/Celt2018/div_reloj.vhd sub00/vhpl13 1544033501
EN comp_16 NULL C:/Users/alumno/Desktop/nostraCeltini/Celt2018/comp_16.vhd sub00/vhpl18 1544033506
AR aut_duracion a_aut_duracion C:/Users/alumno/Desktop/nostraCeltini/Celt2018/aut_duracion.vhd sub00/vhpl17 1544033505
AR rdesp_disp a_rdesp_disp C:/Users/alumno/Desktop/nostraCeltini/Celt2018/rdesp_disp.vhd sub00/vhpl11 1544033499
EN mux4x8 NULL C:/Users/alumno/Desktop/nostraCeltini/Celt2018/MUX4x8.vhd sub00/vhpl06 1544033494
EN aut_control NULL C:/Users/alumno/Desktop/nostraCeltini/Celt2018/aut_control.vhd sub00/vhpl22 1544033510
AR comp_16_1 behavioral C:/Users/alumno/Desktop/nostraCeltini/Celt2018/comp_16_1.vhd sub00/vhpl21 1544033509
AR receptor a_receptor C:/Users/alumno/Desktop/nostraCeltini/Celt2018/receptor.vhd sub00/vhpl27 1544033517
EN decodmorsea7s NULL C:/Users/alumno/Desktop/nostraCeltini/Celt2018/decodmorsea7s.vhd sub00/vhpl04 1544033492
AR detector_flanco a_detector_flanco C:/Users/alumno/Desktop/nostraCeltini/Celt2018/detector_flanco.vhd sub00/vhpl15 1544033503
AR aut_control a_aut_control C:/Users/alumno/Desktop/nostraCeltini/Celt2018/aut_control.vhd sub00/vhpl23 1544033511
EN div_reloj NULL C:/Users/alumno/Desktop/nostraCeltini/Celt2018/div_reloj.vhd sub00/vhpl12 1544033500
